###############################################################################
#
# IAR ELF Linker V8.50.6.265/W32 for ARM                  12/Jan/2021  12:58:57
# Copyright 2007-2020 IAR Systems AB.
#
#    Output file  =
#        C:\Users\sarak\MicroProjects\labs\Project\Debug\Exe\TrafficLights.out
#    Map file     =
#        C:\Users\sarak\MicroProjects\labs\Project\Debug\List\TrafficLights.map
#    Command line =
#        -f C:\Users\sarak\AppData\Local\Temp\EW32B.tmp
#        (C:\Users\sarak\MicroProjects\labs\Project\Debug\Obj\main.o
#        C:\Users\sarak\MicroProjects\labs\Project\Debug\Obj\startup_ewarm.o
#        --no_out_extension -o
#        C:\Users\sarak\MicroProjects\labs\Project\Debug\Exe\TrafficLights.out
#        --redirect _Printf=_PrintfFullNoMb --redirect _Scanf=_ScanfFullNoMb
#        --map
#        C:\Users\sarak\MicroProjects\labs\Project\Debug\List\TrafficLights.map
#        --config "C:\Program Files (x86)\IAR Systems\Embedded Workbench
#        8.4\arm\config\linker\TexasInstruments\TM4C123GH6.icf" --semihosting
#        C:\ti\TivaWare_C_Series-2.1.4.178\driverlib\ewarm\Exe\driverlib.a
#        --entry __iar_program_start --vfe --text_out locale)
#
###############################################################################

*******************************************************************************
*** MESSAGES
***

Warning[Lt009]: Inconsistent wchar_t size
            gpio.o(driverlib.a) and 5 other objects in driverlib.a have wchar_t
                      size 16 bits
            main.o and 14 other objects, some of them in dl7M_tln.a and 11
                      other libraries have wchar_t size 32 bits


*******************************************************************************
*** RUNTIME MODEL ATTRIBUTES
***

CppFlavor       = *
__SystemLibrary = DLib
__dlib_version  = 6


*******************************************************************************
*** HEAP SELECTION
***

The basic heap was selected because some modules are built with
size limitations (and not runtime checking), and --advanced_heap
was not specified.


*******************************************************************************
*** PLACEMENT SUMMARY
***

"A0":  place at address 0x0 { ro section .intvec };
"P1":  place in [from 0x0 to 0x3'ffff] { ro };
define block CSTACK with size = 4K, alignment = 8 { };
define block HEAP with size = 8K, alignment = 8 { };
"P2":  place in [from 0x2000'0000 to 0x2000'7fff] {
          rw, block CSTACK, block HEAP };
do not initialize { rw section .noinit };
initialize by copy { rw };

  Section            Kind         Address    Size  Object
  -------            ----         -------    ----  ------
"A0":                                       0x26c
  .intvec            const            0x0   0x26c  startup_ewarm.o [1]
                                  - 0x26c   0x26c

"P1":                                      0x1300
  .text              ro code        0x26c   0x748  main.o [1]
  .text              ro code        0x9b4   0x478  gpio.o [3]
  .text              ro code        0xe2c   0x1a8  timer.o [3]
  .text              ro code        0xfd4    0x98  uart.o [3]
  .text              ro code       0x106c   0x1e8  sysctl.o [3]
  .text              ro code       0x1254   0x160  interrupt.o [3]
  .text              ro code       0x13b4    0x3a  zero_init3.o [5]
  .text              ro code       0x13ee    0x2e  copy_init3.o [5]
  .text              ro code       0x141c    0x28  data_init.o [5]
  .text              ro code       0x1444    0x22  fpinit_M.o [4]
  .iar.init_table    const         0x1468    0x24  - Linker created -
  .text              ro code       0x148c    0x1e  startup_ewarm.o [1]
  .text              ro code       0x14aa     0xc  cstartup_M.o [5]
  .text              ro code       0x14b8    0x1e  cmain.o [5]
  .text              ro code       0x14d6     0x4  low_level_init.o [2]
  .text              ro code       0x14da     0x4  exit.o [2]
  .text              ro code       0x14e0     0xa  cexit.o [5]
  .text              ro code       0x14ec    0x14  exit.o [6]
  .rodata            const         0x1500    0x14  main.o [1]
  .rodata            const         0x1514    0x10  main.o [1]
  .rodata            const         0x1524     0xc  main.o [1]
  .rodata            const         0x1530     0xc  main.o [1]
  .rodata            const         0x153c     0xc  main.o [1]
  .rodata            const         0x1548     0xc  main.o [1]
  .rodata            const         0x1554     0xc  main.o [1]
  .rodata            const         0x1560     0x8  main.o [1]
  Initializer bytes  const         0x1568     0x4  <for P2-1>
  .rodata            const         0x156c     0x0  zero_init3.o [5]
  .rodata            const         0x156c     0x0  copy_init3.o [5]
                                 - 0x156c  0x1300

"P2", part 1 of 3:                            0x4
  P2-1                        0x2000'0000     0x4  <Init block>
    .data            inited   0x2000'0000     0x4  main.o [1]
                            - 0x2000'0004     0x4

"P2", part 2 of 3:                          0x670
  VTABLE             zero     0x2000'0400   0x26c  interrupt.o [3]
  .bss               zero     0x2000'066c     0x4  main.o [1]
  .bss               zero     0x2000'0670     0x1  main.o [1]
  .bss               zero     0x2000'0671     0x1  main.o [1]
                            - 0x2000'0672   0x66e

"P2", part 3 of 3:                          0x200
  .noinit            uninit   0x2000'0674   0x200  startup_ewarm.o [1]
                            - 0x2000'0874   0x200

Unused ranges:

         From           To      Size
         ----           --      ----
       0x156c     0x3'ffff  0x3'ea94
  0x2000'0874  0x2000'7fff    0x778c


*******************************************************************************
*** INIT TABLE
***

          Address      Size
          -------      ----
Zero (__iar_zero_init3)
    1 destination range, total size 0x272:
          0x2000'0400  0x272

Copy (__iar_copy_init3)
    1 source range, total size 0x4:
               0x1568    0x4
    1 destination range, total size 0x4:
          0x2000'0000    0x4



*******************************************************************************
*** MODULE SUMMARY
***

    Module            ro code  ro data  rw data
    ------            -------  -------  -------
command line/config:
    -------------------------------------------
    Total:

C:\Users\sarak\MicroProjects\labs\Project\Debug\Obj: [1]
    main.o              1'864      108       10
    startup_ewarm.o        30      620      512
    -------------------------------------------
    Total:              1'894      728      522

dl7M_tln.a: [2]
    exit.o                  4
    low_level_init.o        4
    -------------------------------------------
    Total:                  8

driverlib.a: [3]
    gpio.o              1'144
    interrupt.o           352               620
    sysctl.o              488
    timer.o               424
    uart.o                152
    -------------------------------------------
    Total:              2'560               620

m7M_tls.a: [4]
    fpinit_M.o             34
    -------------------------------------------
    Total:                 34

rt7M_tl.a: [5]
    cexit.o                10
    cmain.o                30
    copy_init3.o           46
    cstartup_M.o           12
    data_init.o            40
    zero_init3.o           58
    -------------------------------------------
    Total:                196

shb_l.a: [6]
    exit.o                 20
    -------------------------------------------
    Total:                 20

    Gaps                    6        2    1'020
    Linker created                  36
-----------------------------------------------
    Grand Total:        4'718      766    2'162


*******************************************************************************
*** ENTRY LIST
***

Entry                       Address   Size  Type      Object
-----                       -------   ----  ----      ------
.iar.init_table$$Base        0x1468          --   Gb  - Linker created -
.iar.init_table$$Limit       0x148c          --   Gb  - Linker created -
?main                        0x14b9         Code  Gb  cmain.o [5]
Current_East_State      0x2000'0671    0x1  Data  Gb  main.o [1]
Current_North_State     0x2000'0670    0x1  Data  Gb  main.o [1]
East_Original_State           0x2cb   0x3e  Code  Gb  main.o [1]
East_Pedestrian_Interrupt
                              0x623   0x82  Code  Gb  main.o [1]
East_Pedestrian_Interrupt_TimerFinish
                              0x6a5   0x54  Code  Gb  main.o [1]
FaultISR                     0x14a7    0x2  Code  Lc  startup_ewarm.o [1]
GPIODirModeSet                0x9f5   0x28  Code  Gb  gpio.o [3]
GPIOIntClear                  0xb27    0x6  Code  Gb  gpio.o [3]
GPIOIntDisable                0xb21    0x6  Code  Gb  gpio.o [3]
GPIOIntEnable                 0xb1b    0x6  Code  Gb  gpio.o [3]
GPIOIntRegister               0xb2d   0x14  Code  Gb  gpio.o [3]
GPIOPadConfigSet              0xa1d   0xfe  Code  Gb  gpio.o [3]
GPIOPinConfigure              0xba7   0x38  Code  Gb  gpio.o [3]
GPIOPinTypeGPIOInput          0xb53   0x14  Code  Gb  gpio.o [3]
GPIOPinTypeGPIOOutput         0xb67    0xa  Code  Gb  gpio.o [3]
GPIOPinTypeUART               0xb8b   0x14  Code  Gb  gpio.o [3]
GPIOPinWrite                  0xb49    0x6  Code  Gb  gpio.o [3]
IntDefaultHandler            0x14a9    0x2  Code  Lc  startup_ewarm.o [1]
IntEnable                    0x129f   0x56  Code  Gb  interrupt.o [3]
IntPrioritySet               0x127b   0x24  Code  Gb  interrupt.o [3]
IntRegister                  0x1255   0x26  Code  Gb  interrupt.o [3]
NmiSR                        0x14a5    0x2  Code  Lc  startup_ewarm.o [1]
Normal_Traffic_Light          0x309  0x20e  Code  Gb  main.o [1]
Normal_Traffic_Light::i
                        0x2000'066c    0x4  Data  Lc  main.o [1]
North_Original_State          0x28d   0x3e  Code  Gb  main.o [1]
North_Pedestrian_Interrupt
                              0x53d   0x90  Code  Gb  main.o [1]
North_Pedestrian_Interrupt_TimerFinish
                              0x5cd   0x56  Code  Gb  main.o [1]
PinsInit                      0x847   0x80  Code  Gb  main.o [1]
PortCInt_Init                 0x6f9   0x40  Code  Gb  main.o [1]
PortEInt_Init                 0x739   0x40  Code  Gb  main.o [1]
Region$$Table$$Base          0x1468          --   Gb  - Linker created -
Region$$Table$$Limit         0x148c          --   Gb  - Linker created -
ResetISR                     0x148d   0x12  Code  Gb  startup_ewarm.o [1]
SysCtlClockGet               0x10a9  0x110  Code  Gb  sysctl.o [3]
SysCtlPeripheralEnable       0x108d    0x8  Code  Gb  sysctl.o [3]
SysCtlPeripheralReady        0x106d    0x8  Code  Gb  sysctl.o [3]
Timer0A_INIT                  0x779   0x5c  Code  Gb  main.o [1]
Timer1A_INIT                  0x811   0x36  Code  Gb  main.o [1]
Timer2A_INIT                  0x7d5   0x36  Code  Gb  main.o [1]
TimerConfigure                0xe87   0x52  Code  Gb  timer.o [3]
TimerDisable                  0xe7b    0xc  Code  Gb  timer.o [3]
TimerEnable                   0xe6f    0xc  Code  Gb  timer.o [3]
TimerIntClear                 0xf2f    0x4  Code  Gb  timer.o [3]
TimerIntEnable                0xf1d    0x4  Code  Gb  timer.o [3]
TimerIntRegister              0xf03   0x1a  Code  Gb  timer.o [3]
TimerLoadSet                  0xee9   0x10  Code  Gb  timer.o [3]
TimerValueGet                 0xef9    0xa  Code  Gb  timer.o [3]
Traffic_Time            0x2000'0000    0x4  Data  Lc  main.o [1]
UARTCharPut                  0x105d    0xa  Code  Gb  uart.o [3]
UARTClockSourceSet           0x1067    0x6  Code  Gb  uart.o [3]
UARTConfigSetExpClk           0xfd5   0x4c  Code  Gb  uart.o [3]
UARTDisable                  0x103b   0x1e  Code  Gb  uart.o [3]
UARTEnable                   0x1021   0x1a  Code  Gb  uart.o [3]
Uart_Init                     0x8c7   0x56  Code  Gb  main.o [1]
_GPIOIntNumberGet             0x9b5   0x40  Code  Lc  gpio.o [3]
_TimerIntNumberGet            0xe2d   0x42  Code  Lc  timer.o [3]
__cmain                      0x14b9         Code  Gb  cmain.o [5]
__exit                       0x14ed   0x14  Code  Gb  exit.o [6]
__iar_copy_init3             0x13ef   0x2e  Code  Gb  copy_init3.o [5]
__iar_data_init3             0x141d   0x28  Code  Gb  data_init.o [5]
__iar_init_vfp               0x1445         Code  Gb  fpinit_M.o [4]
__iar_program_start          0x14ab         Code  Gb  cstartup_M.o [5]
__iar_zero_init3             0x13b5   0x3a  Code  Gb  zero_init3.o [5]
__low_level_init             0x14d7    0x4  Code  Gb  low_level_init.o [2]
__vector_table                  0x0  0x26c  Data  Gb  startup_ewarm.o [1]
_call_main                   0x14c5         Code  Gb  cmain.o [5]
_exit                        0x14e1         Code  Gb  cexit.o [5]
_main                        0x14d3         Code  Gb  cmain.o [5]
exit                         0x14db    0x4  Code  Gb  exit.o [2]
g_pfnRAMVectors         0x2000'0400  0x26c  Data  Lc  interrupt.o [3]
g_ppui32GPIOIntMapBlizzard
                              0xc04   0xc0  Data  Lc  gpio.o [3]
g_ppui32GPIOIntMapSnowflake
                              0xcc4   0xd8  Data  Lc  gpio.o [3]
g_ppui32TimerIntMap           0xf34   0x60  Data  Lc  timer.o [3]
g_ppui32TimerIntMapSnowflake
                              0xf94   0x40  Data  Lc  timer.o [3]
g_pui32EnRegs                0x13a0   0x14  Data  Lc  interrupt.o [3]
g_pui32GPIOBaseAddrs          0xd9c   0x90  Data  Lc  gpio.o [3]
g_pui32Regs                  0x1304   0x9c  Data  Lc  interrupt.o [3]
g_pui32Xtals                 0x11e8   0x6c  Data  Lc  sysctl.o [3]
main                          0x26d   0x20  Code  Gb  main.o [1]
printChar                     0x52d   0x10  Code  Gb  main.o [1]
printString                   0x517   0x16  Code  Gb  main.o [1]
pui32Stack              0x2000'0674  0x200  Data  Lc  startup_ewarm.o [1]


[1] = C:\Users\sarak\MicroProjects\labs\Project\Debug\Obj
[2] = dl7M_tln.a
[3] = driverlib.a
[4] = m7M_tls.a
[5] = rt7M_tl.a
[6] = shb_l.a

  4'718 bytes of readonly  code memory
    766 bytes of readonly  data memory
  2'162 bytes of readwrite data memory

Errors: none
Warnings: 1
